[@ 0.000ms] abc: bang
[@ 0.000ms] print: bang
[@ 0.000ms] print: bang
